C51 COMPILER V9.60.7.0   REG51                                                             03/17/2025 20:57:13 PAGE 1   


C51 COMPILER V9.60.7.0, COMPILATION OF MODULE REG51
OBJECT MODULE PLACED IN .\Objects\reg51.obj
COMPILER INVOKED BY: E:\shoocl\c51\C51\BIN\C51.EXE reg51.c OPTIMIZE(8,SPEED) BROWSE DEBUG OBJECTEXTEND PRINT(.\Listings\
                    -reg51.lst) TABS(2) OBJECT(.\Objects\reg51.obj)

line level    source

   1          #include<reg51.h> //引入51单片机定义的头文件
   2          #include<absacc.h> //引入绝对地址访问的头文件
   3          #define uchar unsigned char 
   4          void main(){
   5   1        uchar i;
   6   1        for(i=0;i<=15;i++){
   7   2          XBYTE[0x2000+i]=i;
   8   2        }
   9   1      }
  10          //202210137227 倪浩东


MODULE INFORMATION:   STATIC OVERLAYABLE
   CODE SIZE        =     18    ----
   CONSTANT SIZE    =   ----    ----
   XDATA SIZE       =   ----    ----
   PDATA SIZE       =   ----    ----
   DATA SIZE        =   ----    ----
   IDATA SIZE       =   ----    ----
   BIT SIZE         =   ----    ----
END OF MODULE INFORMATION.


C51 COMPILATION COMPLETE.  0 WARNING(S),  0 ERROR(S)
